| CSInjection.java:19:36:19:53 | getText(...) |
| CSInjection.java:20:36:20:53 | getText(...) |
